---
source: crates/hird-parse/tests/smoke.rs
assertion_line: 98
expression: "render_cst(\"use Ets.{Table, lookup,}\")"
---
SOURCE_FILE
  USE_DECL
    USE_KW "use"
    PATH
      WHITESPACE " "
      IDENT "Ets"
    USE_GROUP
      DOT "."
      L_BRACE "{"
      IDENT "Table"
      COMMA ","
      WHITESPACE " "
      IDENT "lookup"
      COMMA ","
      R_BRACE "}"
