---
source: crates/hird-check/tests/actors.rs
expression: "check_str(\"effect Tool<t>\\n\\\n         type Path = Path(String)\\n\\\n         type St = St(Int)\\n\\\n         tool Boot : { path: Path } -> St\\n\\\n         actor A {\\n\\\n           state: St,\\n\\\n           message: Msg = | Stop,\\n\\\n           init: fn(p: Path) -> St ! {} = boot({ path: p }),\\n\\\n           handle Stop, st -> St ! {} = st,\\n\\\n         }\")"
---
Path : String → Path
St : Int → St
Stop : Msg
boot : { path: Path } → St ! {Tool<Boot>}
error[C0030] 165..183: declared {} but body performs {Tool<Boot>}
