---
source: crates/hird-check/tests/actors.rs
expression: "check_str(\"type Status = Status(Int)\\n\\\n         type St = St(Int)\\n\\\n         actor A {\\n\\\n           state: St,\\n\\\n           message: Msg = | Inc | Get(ReplyTo<Status>) | Halt,\\n\\\n           init: fn(s: St) -> St ! {} = s,\\n\\\n           handle Inc, st -> Next<St> ! {} = Continue(st),\\n\\\n         }\")"
---
Get : ReplyTo<Status> → Msg
Halt : Msg
Inc : Msg
St : Int → St
Status : Int → Status
error[C0041] 50..51: actor `A` does not handle message variants `Get`, `Halt`
