---
source: crates/hird-check/tests/actors.rs
expression: "check_str(\"type St = St(Int)\\n\\\n         type Other = Whoops\\n\\\n         actor A {\\n\\\n           state: St,\\n\\\n           message: Msg = | Halt,\\n\\\n           init: fn(s: St) -> St ! {} = s,\\n\\\n           handle Whoops, st -> Next<St> ! {} = Continue(st),\\n\\\n         }\")"
---
Halt : Msg
St : Int → St
Whoops : Other
error[C0041] 44..45: actor `A` does not handle message variant `Halt`
error[C0037] 120..127: `Whoops` is not a constructor of actor `A`'s message type `Msg`
