---
source: crates/hird-check/tests/actors.rs
expression: "check_str(\"type St = St(Int)\\n\\\n         actor A {\\n\\\n           state: St,\\n\\\n           message: Msg = | Inc | Dec,\\n\\\n           init: fn(s: St) -> St ! {} = s,\\n\\\n           handle Inc, st -> St ! {} = st,\\n\\\n           handle Dec, st -> St ! {} = st,\\n\\\n         }\\n\\\n         fn describe(m: Msg) -> Int = match m { Inc -> 1 }\")"
---
Dec : Msg
Inc : Msg
St : Int → St
describe : Msg → Int
error[C0015] 193..214: non-exhaustive match: missing case(s): `Dec`
