---
source: crates/hird-check/tests/actors.rs
expression: check_str(&source)
---
Get : ReplyTo<Status> → Msg
Inc : Msg
St : Int → St
Status : Int → Status
bad_clock : ∀a. a
bad_delay : ∀a. a
bad_message : ∀a. a
error[C0001] 364..365: type mismatch: expected `Clock`, got `Int`
error[C0001] 453..463: type mismatch: expected `Msg`, got `Status`
error[C0001] 547..554: type mismatch: expected `Int`, got `String`
