---
source: crates/hird-check/tests/actors.rs
expression: "check_str(\"type Path = Path(String)\\n\\\n         type St = St(Int)\\n\\\n         tool ReadRepo : { path: Path } -> St\\n\\\n         actor A {\\n\\\n           state: St,\\n\\\n           message: Msg = | Plan(Path),\\n\\\n           handle Plan(p), st -> Next<St> ! {Tool<ReadRepo>} = Continue(read_repo({ path: p })),\\n\\\n           init: fn(s: St) -> St ! {} = s,\\n\\\n         }\")"
---
Path : String → Path
Plan : Path → Msg
St : Int → St
read_repo : { path: Path } → St ! {Tool<ReadRepo>}
error[C0038] 86..87: actor `A` declares `{}` but its init and handlers perform `{Tool<ReadRepo>}`
