---
source: crates/hird-check/tests/actors.rs
expression: "check_str(\"type Status = Status(Int)\\n\\\n         type St = St(Int)\\n\\\n         actor A {\\n\\\n           state: St,\\n\\\n           message: Msg = | Ask(Option<ReplyTo<Status>>) | Halt,\\n\\\n           init: fn(s: St) -> St ! {} = s,\\n\\\n           handle Ask(r), st -> Next<St> ! {} = Continue(st),\\n\\\n           handle Halt, st -> Next<St> ! {} = Continue(st),\\n\\\n         }\")"
---
Ask : Option<ReplyTo<Status>> → Msg
Halt : Msg
St : Int → St
Status : Int → Status
error[C0044] 82..85: message constructor `Ask` nests `ReplyTo` within `Option<ReplyTo<Status>>`; a reply channel may appear only as a direct field of a message constructor
