---
source: crates/hird-check/tests/actors.rs
expression: "check_str(\"type Path = Path(String)\\n\\\n         type St = St(Int)\\n\\\n         tool Boot : { path: Path } -> St\\n\\\n         actor A {\\n\\\n           state: St,\\n\\\n           message: Msg = | Halt,\\n\\\n           init: fn(p: Path) ! {} = boot({ path: p }),\\n\\\n           handle Halt, st ! {} = Continue(st),\\n\\\n         }\")"
---
Halt : Msg
Path : String → Path
St : Int → St
boot : { path: Path } → St ! {Tool<Boot>}
error[C0030] 144..162: declared {} but body performs {Tool<Boot>}
