---
source: crates/hird-check/tests/actors.rs
expression: check_str(&source)
---
Halt : PlannerMsg
Path : String → Path
Plan : Path → PlannerMsg
St : Int → St
boot : St → Pid<PlannerMsg>
read_repo : { path: Path } → St ! {Tool<ReadRepo>}
error[C0030] 392..410: declared {} but body performs {Spawn<PlannerMsg>}
