---
source: crates/hird-check/tests/actors.rs
expression: "check_str(\"type St = St(Int)\\n\\\n         actor A {\\n\\\n           state: St,\\n\\\n           message: Msg = | Halt,\\n\\\n           init: fn(s: St) -> St ! {} = s,\\n\\\n           handle Halt, st -> Next<St> ! {} = Continue(st),\\n\\\n           handle Halt, st -> Next<St> ! {} = Continue(st),\\n\\\n         }\")"
---
Halt : Msg
St : Int → St
error[C0036] 149..154: actor `A` already handles `Halt`
