---
source: crates/hird-check/tests/actors.rs
expression: "check_str(\"type Path = Path(String)\\n\\\n         type St = St(Int)\\n\\\n         tool ReadRepo : { path: Path } -> St\\n\\\n         actor A {\\n\\\n           state: St,\\n\\\n           message: Msg = | Halt,\\n\\\n           init: fn(s: St) -> St ! {} = s,\\n\\\n           handle Halt, st -> Next<St> ! {} = Continue(st),\\n\\\n         } ! {Tool<ReadRepo>}\")"
---
Halt : Msg
Path : String → Path
St : Int → St
read_repo : { path: Path } → St ! {Tool<ReadRepo>}
error[C0038] 86..87: actor `A` declares `{Tool<ReadRepo>}` but its init and handlers perform `{}`
