---
source: crates/hird-check/tests/actors.rs
expression: check_str(&source)
---
Get : ReplyTo<Status> → Msg
Inc : Msg
St : Int → St
Status : Int → Status
handed : Clock → Pid<Msg> → () ! {Schedule<Msg>}
quiet : Pid<Msg> → () ! {Clock, Schedule<Msg>}
tick : Pid<Msg> → () ! {Clock, Schedule<Msg>}
error[C0030] 519..526: declared {Schedule<Msg>} but body performs {Clock, Schedule<Msg>}
