---
source: crates/hird-check/tests/inference.rs
expression: "check_str(\"effect Log\\n\\\n         effect Tool<t>\\n\\\n         type Repo = MkRepo\\n\\\n         fn audited(f: Int -> Int ! {Tool<Repo>}, logh: Int -> Int ! {Log}) -> Int ! {Log} =\\n\\\n           handle { Tool<Repo> -> logh } in f(0)\")"
---
MkRepo : Repo
audited : (Int → Int ! {Tool<Repo>}) → (Int → Int ! {Log}) → Int ! {Log}
