---
source: crates/hird-check/tests/inference.rs
assertion_line: 761
expression: "check_str(\"effect Log\\n\\\n         effect Spawn\\n\\\n         fn f(run: Int -> Int ! {Log}) -> Int ! {Log, Spawn} = run(0)\")"
---
f : (Int → Int ! {Log}) → Int ! {Log, Spawn}
error[C0030] 77..84: declared {Log, Spawn} but body performs {Log}
