---
source: crates/hird-check/tests/inference.rs
expression: "check_str(\"effect Log\\n\\\n         effect Fork\\n\\\n         fn f(run: Int -> Int ! {Log}) -> Int ! {Log, Fork} = run(0)\")"
---
f : (Int → Int ! {Log}) → Int ! {Fork, Log}
error[C0030] 75..82: declared {Fork, Log} but body performs {Log}
