---
source: crates/hird-check/tests/inference.rs
expression: "check_str(\"effect Log\\n\\\n         effect Tool<t>\\n\\\n         type Repo = MkRepo\\n\\\n         fn nested(f: Int -> Int ! {Log, Tool<Repo>}, lh: Int -> Int, th: Int -> Int) -> Int =\\n\\\n           handle { Log -> lh } in handle { Tool<Repo> -> th } in f(0)\")"
---
MkRepo : Repo
nested : (Int → Int ! {Log, Tool<Repo>}) → (Int → Int) → (Int → Int) → Int
