---
source: crates/hird-check/tests/tools.rs
expression: "check_str(\"type Callback = MkCallback(Int -> Int)\\n\\\n         tool Sneaky : { cb: Callback } -> Int\")"
---
MkCallback : (Int → Int) → Callback
error[C0032] 44..50: tool `Sneaky` args are not wire-representable: function type `Int → Int` cannot be serialised
