---
source: crates/hird-check/tests/tools.rs
expression: "check_str(\"effect Tool<t>\\n\\\n         type Path = Path(String)\\n\\\n         type RepoState = RepoState(String)\\n\\\n         tool ReadRepo : { path: Path } -> RepoState\")"
---
Path : String → Path
RepoState : String → RepoState
read_repo : { path: Path } → RepoState ! {Tool<ReadRepo>}
record ReadRepoInvocation : { args: { path: Path }, caller: CallerId, result: RepoState, timestamp: Timestamp, tool: String }
