---
source: crates/hird-lex/tests/snapshots.rs
expression: "snapshot(\"fn add(x: Int, y: Int) \\u{2192} Int ! {} {\\n  x + y\\n}\",)"
---
Fn                                 0..2   "fn"
Ident                              3..6   "add"
LParen                             6..7   "("
Ident                              7..8   "x"
Colon                              8..9   ":"
Ident                             10..13  "Int"
Comma                             13..14  ","
Ident                             15..16  "y"
Colon                             16..17  ":"
Ident                             18..21  "Int"
RParen                            21..22  ")"
Arrow                             23..26  "→"
Ident                             27..30  "Int"
Bang                              31..32  "!"
LBrace                            33..34  "{"
RBrace                            34..35  "}"
LBrace                            36..37  "{"
Ident                             40..41  "x"
Plus                              42..43  "+"
Ident                             44..45  "y"
RBrace                            46..47  "}"
