---
source: crates/hird-lex/tests/snapshots.rs
expression: "snapshot(\"module Planner\\n\\n\\\n         use Log\\n\\n\\\n         effect Tool\\n\\n\\\n         pub fn plan(config: Config) \\u{2192} Plan {\\n\\\n         \\x20 let data = config\\n\\\n         \\x20 data\\n\\\n         }\",)"
---
Module                             0..6   "module"
Ident                              7..14  "Planner"
Use                               16..19  "use"
Ident                             20..23  "Log"
Effect                            25..31  "effect"
Ident                             32..36  "Tool"
Pub                               38..41  "pub"
Fn                                42..44  "fn"
Ident                             45..49  "plan"
LParen                            49..50  "("
Ident                             50..56  "config"
Colon                             56..57  ":"
Ident                             58..64  "Config"
RParen                            64..65  ")"
Arrow                             66..69  "→"
Ident                             70..74  "Plan"
LBrace                            75..76  "{"
Let                               79..82  "let"
Ident                             83..87  "data"
Eq                                88..89  "="
Ident                             90..96  "config"
Ident                             99..103 "data"
RBrace                           104..105 "}"
